wwwwwwwwwwwwwwwwwwwwwwwwwwwwwwww
w.....w...........w....w.......w
w.www...wwwwwwwww...ww.w.wwwwwww
w.w...www.......www..w.w.w.....w
w.w.www...wwwww...w.wwww.w.wwwww
w.w..w..www...www.w...w..w.....w
w.w.ww.ww...w...w.www.w.ww.www.w
w.w.w..w..wwwww....w..w.w..w...w
w.w.w.ww.ww...ww.w.ww.w.ww.www.w
w.w...w.....w..w.w.w..w..w.....w
wwwwwwwwwwwwww.w.w.w.ww.ww.www.w
w.w...w.....w..w.w.w..w.w..w...w
w.w.w.ww.ww...ww.wwww.w.ww.www.w
w.w.w..w..wwwww...w...w..w.....w
w.w.ww.ww...w...w.w..www.w.www.w
w.w..w..www...www.w..w.w.w..w..w
w.ww.ww...wwwww...w..w.w.ww.wwww
w.w...www.......www....w..w....w
w.w.w...wwwwwwwww.w.wwwww.w.wwww
w.w.w.w...........w...w...w....w
w.wwwwwwwwwwwwwww.w.w.w.w.wwww.w
w.w...w...........w.w@w.w.w....w
www.w.w.wwwww.wwwwwwwww.w.w.wwww
w...w.w.w.w.w....w..w.w.www....w
w.www...w.w.wwwwwww.w.....wwww.w
w...wwwww.w...w.w...ww.wwwww.w.w
w.w.......w.w.w.www.w..w...w.w.w
w.www.wwwww.w.w...w.w.ww.w...w.w
w.w.........w.wwwww....w.wwwww.w
www.w.w.w.w.w.w...wwwwww.w.w.w.w
w...........w...w..............w
wwwwwwwwwwwwwwwwwwwwwwwwwwwwwwww


